// Jest Snapshot v1, https://goo.gl/fbAQLP

exports[`Common reducer should set connection boolean 1`] = `
Object {
  "isConnected": true,
}
`;
